---
source: rattan/src/devices/loss.rs
expression: loss_seq
---
[
  true,
  true,
  true,
  true,
  true,
  true,
  true,
  true,
  true,
  true,
  true,
  true,
  true,
  true,
  true,
  true,
  true,
  true,
  true,
  true,
  true,
  true,
  true,
  true,
  true,
  true,
  true,
  true,
  true,
  true,
  true,
  true,
  false,
  false,
  false,
  true,
  false,
  true,
  true,
  true,
  true,
  true,
  true,
  true,
  true,
  true,
  true,
  true,
  true,
  true,
  true,
  true,
  true,
  true,
  true,
  false,
  true,
  true,
  true,
  true,
  true,
  true,
  true,
  true,
  true,
  false,
  true,
  false,
  false,
  false,
  false,
  true,
  true,
  true,
  true,
  true,
  true,
  true,
  true,
  true,
  true,
  true,
  false,
  false,
  false,
  true,
  true,
  true,
  true,
  true,
  true,
  false,
  true,
  true,
  true,
  true,
  true,
  true,
  true,
  true,
  true,
  true,
  true,
  true,
  true,
  true,
  true,
  true,
  true,
  true,
  true,
  true,
  true,
  true,
  true,
  true,
  true,
  true,
  true,
  true,
  true,
  true,
  true,
  true,
  true,
  true,
  true,
  true,
  true,
  true,
  true,
  true,
  true,
  true,
  true,
  true,
  true,
  false,
  true,
  false,
  true,
  true,
  true,
  true,
  true,
  true,
  true,
  false,
  true,
  true,
  true,
  true,
  true,
  false,
  true,
  true,
  false,
  true,
  true,
  true,
  true,
  true,
  true,
  true,
  true,
  true,
  true,
  true,
  true,
  true,
  true,
  true,
  true,
  true,
  true,
  true,
  true,
  true,
  false,
  false,
  true,
  true,
  true,
  true,
  true,
  true,
  true,
  true,
  true,
  false,
  true,
  false,
  false,
  false,
  true,
  true,
  true,
  true,
  true,
  true,
  true,
  true,
  true,
  true,
  true,
  true,
  true,
  true,
  true,
  true,
  true,
  true,
  false,
  true,
  true,
  true,
  true,
  true,
  true,
  true,
  true,
  true,
  true,
  true,
  true,
  true,
  true,
  false,
  true,
  true,
  true,
  true,
  true,
  true,
  false,
  false,
  true,
  true,
  true,
  true,
  false,
  true,
  true,
  true,
  true,
  true,
  true,
  true,
  true,
  true,
  true,
  true,
  false,
  true,
  true,
  true,
  true,
  true,
  true,
  true,
  true,
  true,
  true,
  true,
  true,
  true,
  true,
  true,
  true,
  true,
  true,
  false,
  true,
  true,
  true,
  false,
  true,
  true,
  true,
  true,
  true,
  false,
  true,
  true,
  true,
  true,
  true,
  true,
  true,
  false,
  true,
  true,
  true,
  true,
  true,
  true,
  true,
  false,
  true,
  true,
  true,
  true,
  true,
  true,
  true,
  true,
  true,
  true,
  true,
  true,
  false,
  true,
  false,
  true,
  true,
  true,
  false,
  true,
  true,
  true,
  true,
  true,
  true,
  true,
  false,
  true,
  true,
  true,
  true,
  true,
  true,
  true,
  true,
  true,
  true,
  true,
  true,
  true,
  true,
  true,
  true,
  true,
  true,
  true,
  false,
  true,
  false,
  true,
  true,
  true,
  true,
  true,
  true,
  true,
  true,
  true,
  true,
  true,
  true,
  true,
  false,
  true,
  false,
  false,
  false,
  true,
  false,
  true,
  true,
  true,
  true,
  false,
  false,
  false,
  true,
  true,
  false,
  true,
  false,
  true,
  true,
  true,
  true,
  true,
  true,
  true,
  true,
  true,
  true,
  true,
  true,
  true,
  true,
  true,
  true,
  true,
  true,
  true,
  true,
  true
]
